// Jest Snapshot v1, https://goo.gl/fbAQLP

exports[`Should generate ExpenseListItem from item 1`] = `
<div>
  <Link
    to="/edit/2"
  >
    <h3>
      Rent
    </h3>
  </Link>
  <p>
    $1,950.00
     -
     
    28th December, 1969
  </p>
</div>
`;
