// Jest Snapshot v1, https://goo.gl/fbAQLP

exports[`Should render ExpenseTotal correctly without expenses 1`] = `
<div
  className="page-header"
>
  <div
    className="content-container"
  >
    <h1
      className="page-header__title"
    >
      Viewing 
      <span />
       
      expenses
       totalling
       
      <span>
        0.00
         €
      </span>
    </h1>
    <div
      className="page-header__action"
    >
      <Link
        className="button"
        to="/create"
      >
        Add expense
      </Link>
    </div>
  </div>
</div>
`;

exports[`Should render ExpenseTotal correctly without expenses 2`] = `
<div
  className="page-header"
>
  <div
    className="content-container"
  >
    <h1
      className="page-header__title"
    >
      Viewing 
      <span />
       
      expenses
       totalling
       
      <span>
        0.00
         €
      </span>
    </h1>
    <div
      className="page-header__action"
    >
      <Link
        className="button"
        to="/create"
      >
        Add expense
      </Link>
    </div>
  </div>
</div>
`;
