// Jest Snapshot v1, https://goo.gl/fbAQLP

exports[`Should render header correctly 1`] = `
<header>
  <h1>
    Expensify
  </h1>
  <Connect(ExpenseTotal) />
  <NavLink
    activeClassName="is-active"
    to="/dashboard"
  >
    Dashboard
  </NavLink>
  <NavLink
    activeClassName="is-active"
    to="/create"
  >
    Add expanse
  </NavLink>
  <button
    onClick={[Function]}
  >
    Logout
  </button>
</header>
`;
