// Jest Snapshot v1, https://goo.gl/fbAQLP

exports[`Should generate NotFoundPage 1`] = `
<div>
  404 ! 
  <Link
    to="/"
  >
    Go home
  </Link>
</div>
`;
